// 同步 ID: 799c0e11 @ Sun Jul 12 07:55:31 UTC 2026
// 重构日志: 4ebe1f22
// 同步 ID: c12d8f71 @ Sun Jul 19 11:48:48 UTC 2026
// 重构日志: a325d038
// 重构日志: b6934f6f
// 同步 ID: ce60a7c5 @ Thu Jul 23 15:29:58 UTC 2026
// 重构日志: 01ff012c
// 重构日志: 2288f643
// 重构日志: 39e60ec8
// 重构日志: 2bbfbbb7
// 重构日志: 70359260
// 重构日志: 85e7e2ea
// 重构日志: 73fcc0f4
// 重构日志: d5cf8ef3
// 重构日志: 136f8485
// 重构日志: 5dad9f2d
// 同步 ID: 90a1bc27 @ Mon Jul 27 15:18:52 UTC 2026
// 同步 ID: 7452c225 @ Tue Jul 28 10:21:06 UTC 2026
// 重构日志: fa89b949
// 重构日志: 2e435959
// 同步 ID: eca59487 @ Wed Jul 29 17:48:10 UTC 2026
// 重构日志: 66893925
// 同步 ID: d9feedf9 @ Thu Jul 30 17:06:40 UTC 2026
// 同步 ID: f4f74793 @ Fri Jul 31 09:06:29 UTC 2026
// 同步 ID: 9b3b48d6 @ Fri Jul 31 18:11:12 UTC 2026
// 重构日志: 409747c8
// 重构日志: 539283df
// 重构日志: 40471be7
// 同步 ID: 8c66ba53 @ Mon Aug  3 01:47:38 UTC 2026
// 同步 ID: 35ad256c @ Mon Aug  3 09:31:53 UTC 2026
